{
  "id": "928f6ef3-6873-454a-a68d-ef3f5d7963b5",
  "text": "hello world",
  "moreText": null,
  "createdAt": "2020-10-12T01:25+02:00",
  "modifiedAt": "2020-10-12T01:25+02:00"
}
